com/AirlineBooking/AirlineBookig/model/FlightStatus.class
com/AirlineBooking/AirlineBookig/service/UserService.class
com/AirlineBooking/AirlineBookig/exception/ResourceNotFoundException.class
com/AirlineBooking/AirlineBookig/repository/SeatRepository.class
com/AirlineBooking/AirlineBookig/config/SwaggerConfig.class
com/AirlineBooking/AirlineBookig/controller/AuthController.class
com/AirlineBooking/AirlineBookig/dto/response/AnalyticsResponse$FlightRevenue.class
com/AirlineBooking/AirlineBookig/model/Seat.class
com/AirlineBooking/AirlineBookig/exception/BadRequestException.class
com/AirlineBooking/AirlineBookig/security/SecurityConfig.class
com/AirlineBooking/AirlineBookig/AirlineBookigApplication.class
com/AirlineBooking/AirlineBookig/service/SeatService.class
com/AirlineBooking/AirlineBookig/dto/request/FlightRequest.class
com/AirlineBooking/AirlineBookig/service/FlightService.class
com/AirlineBooking/AirlineBookig/repository/FlightRepository.class
com/AirlineBooking/AirlineBookig/model/Role.class
com/AirlineBooking/AirlineBookig/controller/AdminController.class
com/AirlineBooking/AirlineBookig/service/RefundScheduler.class
com/AirlineBooking/AirlineBookig/dto/response/AnalyticsResponse.class
com/AirlineBooking/AirlineBookig/dto/request/LoginRequest.class
com/AirlineBooking/AirlineBookig/dto/request/ReservationRequest.class
com/AirlineBooking/AirlineBookig/dto/response/SeatResponse.class
com/AirlineBooking/AirlineBookig/service/PdfTicketService.class
com/AirlineBooking/AirlineBookig/security/JwtUtil.class
com/AirlineBooking/AirlineBookig/dto/response/ApiResponse.class
com/AirlineBooking/AirlineBookig/dto/response/AuthResponse.class
com/AirlineBooking/AirlineBookig/dto/request/PaymentRequest.class
com/AirlineBooking/AirlineBookig/service/AnalyticsService.class
com/AirlineBooking/AirlineBookig/model/Flight.class
com/AirlineBooking/AirlineBookig/model/CabinClass.class
com/AirlineBooking/AirlineBookig/service/ReservationService.class
com/AirlineBooking/AirlineBookig/security/CustomUserDetailsService.class
com/AirlineBooking/AirlineBookig/exception/GlobalExceptionHandler.class
com/AirlineBooking/AirlineBookig/dto/response/AnalyticsResponse$ActivityLog.class
com/AirlineBooking/AirlineBookig/controller/CheckoutController.class
com/AirlineBooking/AirlineBookig/service/AuthService.class
com/AirlineBooking/AirlineBookig/repository/UserRepository.class
com/AirlineBooking/AirlineBookig/model/ReservationStatus.class
com/AirlineBooking/AirlineBookig/dto/response/FlightResponse.class
com/AirlineBooking/AirlineBookig/controller/FlightController.class
com/AirlineBooking/AirlineBookig/model/User.class
com/AirlineBooking/AirlineBookig/security/JwtAuthenticationFilter.class
com/AirlineBooking/AirlineBookig/dto/request/RegisterRequest.class
com/AirlineBooking/AirlineBookig/repository/ReservationRepository.class
com/AirlineBooking/AirlineBookig/dto/response/AnalyticsResponse$DailyRevenue.class
com/AirlineBooking/AirlineBookig/controller/ReservationController.class
com/AirlineBooking/AirlineBookig/util/DateUtil.class
com/AirlineBooking/AirlineBookig/dto/response/ReservationResponse.class
com/AirlineBooking/AirlineBookig/exception/UnauthorizedException.class
com/AirlineBooking/AirlineBookig/model/Reservation.class
com/AirlineBooking/AirlineBookig/util/ValidationUtil.class
com/AirlineBooking/AirlineBookig/model/BookingStatus.class
