/home/viper/Downloads/AirlineBookig/src/main/java/com/AirlineBooking/AirlineBookig/service/AuthService.java
/home/viper/Downloads/AirlineBookig/src/main/java/com/AirlineBooking/AirlineBookig/dto/request/FlightRequest.java
/home/viper/Downloads/AirlineBookig/src/main/java/com/AirlineBooking/AirlineBookig/dto/response/ReservationResponse.java
/home/viper/Downloads/AirlineBookig/src/main/java/com/AirlineBooking/AirlineBookig/dto/response/FlightResponse.java
/home/viper/Downloads/AirlineBookig/src/main/java/com/AirlineBooking/AirlineBookig/config/SwaggerConfig.java
/home/viper/Downloads/AirlineBookig/src/main/java/com/AirlineBooking/AirlineBookig/exception/UnauthorizedException.java
/home/viper/Downloads/AirlineBookig/src/main/java/com/AirlineBooking/AirlineBookig/exception/GlobalExceptionHandler.java
/home/viper/Downloads/AirlineBookig/src/main/java/com/AirlineBooking/AirlineBookig/service/RefundScheduler.java
/home/viper/Downloads/AirlineBookig/src/main/java/com/AirlineBooking/AirlineBookig/security/JwtAuthenticationFilter.java
/home/viper/Downloads/AirlineBookig/src/main/java/com/AirlineBooking/AirlineBookig/model/Flight.java
/home/viper/Downloads/AirlineBookig/src/main/java/com/AirlineBooking/AirlineBookig/util/ValidationUtil.java
/home/viper/Downloads/AirlineBookig/src/main/java/com/AirlineBooking/AirlineBookig/service/ReservationService.java
/home/viper/Downloads/AirlineBookig/src/main/java/com/AirlineBooking/AirlineBookig/controller/AuthController.java
/home/viper/Downloads/AirlineBookig/src/main/java/com/AirlineBooking/AirlineBookig/model/FlightStatus.java
/home/viper/Downloads/AirlineBookig/src/main/java/com/AirlineBooking/AirlineBookig/model/BookingStatus.java
/home/viper/Downloads/AirlineBookig/src/main/java/com/AirlineBooking/AirlineBookig/model/Role.java
/home/viper/Downloads/AirlineBookig/src/main/java/com/AirlineBooking/AirlineBookig/security/SecurityConfig.java
/home/viper/Downloads/AirlineBookig/src/main/java/com/AirlineBooking/AirlineBookig/repository/SeatRepository.java
/home/viper/Downloads/AirlineBookig/src/main/java/com/AirlineBooking/AirlineBookig/model/ReservationStatus.java
/home/viper/Downloads/AirlineBookig/src/main/java/com/AirlineBooking/AirlineBookig/controller/ReservationController.java
/home/viper/Downloads/AirlineBookig/src/main/java/com/AirlineBooking/AirlineBookig/repository/FlightRepository.java
/home/viper/Downloads/AirlineBookig/src/main/java/com/AirlineBooking/AirlineBookig/dto/response/SeatResponse.java
/home/viper/Downloads/AirlineBookig/src/main/java/com/AirlineBooking/AirlineBookig/model/Seat.java
/home/viper/Downloads/AirlineBookig/src/main/java/com/AirlineBooking/AirlineBookig/security/CustomUserDetailsService.java
/home/viper/Downloads/AirlineBookig/src/main/java/com/AirlineBooking/AirlineBookig/service/SeatService.java
/home/viper/Downloads/AirlineBookig/src/main/java/com/AirlineBooking/AirlineBookig/dto/response/AnalyticsResponse.java
/home/viper/Downloads/AirlineBookig/src/main/java/com/AirlineBooking/AirlineBookig/model/User.java
/home/viper/Downloads/AirlineBookig/src/main/java/com/AirlineBooking/AirlineBookig/dto/request/ReservationRequest.java
/home/viper/Downloads/AirlineBookig/src/main/java/com/AirlineBooking/AirlineBookig/service/PdfTicketService.java
/home/viper/Downloads/AirlineBookig/src/main/java/com/AirlineBooking/AirlineBookig/model/Reservation.java
/home/viper/Downloads/AirlineBookig/src/main/java/com/AirlineBooking/AirlineBookig/AirlineBookigApplication.java
/home/viper/Downloads/AirlineBookig/src/main/java/com/AirlineBooking/AirlineBookig/controller/AdminController.java
/home/viper/Downloads/AirlineBookig/src/main/java/com/AirlineBooking/AirlineBookig/exception/BadRequestException.java
/home/viper/Downloads/AirlineBookig/src/main/java/com/AirlineBooking/AirlineBookig/repository/ReservationRepository.java
/home/viper/Downloads/AirlineBookig/src/main/java/com/AirlineBooking/AirlineBookig/service/UserService.java
/home/viper/Downloads/AirlineBookig/src/main/java/com/AirlineBooking/AirlineBookig/repository/UserRepository.java
/home/viper/Downloads/AirlineBookig/src/main/java/com/AirlineBooking/AirlineBookig/util/DateUtil.java
/home/viper/Downloads/AirlineBookig/src/main/java/com/AirlineBooking/AirlineBookig/service/FlightService.java
/home/viper/Downloads/AirlineBookig/src/main/java/com/AirlineBooking/AirlineBookig/model/CabinClass.java
/home/viper/Downloads/AirlineBookig/src/main/java/com/AirlineBooking/AirlineBookig/controller/FlightController.java
/home/viper/Downloads/AirlineBookig/src/main/java/com/AirlineBooking/AirlineBookig/exception/ResourceNotFoundException.java
/home/viper/Downloads/AirlineBookig/src/main/java/com/AirlineBooking/AirlineBookig/dto/request/LoginRequest.java
/home/viper/Downloads/AirlineBookig/src/main/java/com/AirlineBooking/AirlineBookig/controller/CheckoutController.java
/home/viper/Downloads/AirlineBookig/src/main/java/com/AirlineBooking/AirlineBookig/dto/response/ApiResponse.java
/home/viper/Downloads/AirlineBookig/src/main/java/com/AirlineBooking/AirlineBookig/service/AnalyticsService.java
/home/viper/Downloads/AirlineBookig/src/main/java/com/AirlineBooking/AirlineBookig/security/JwtUtil.java
/home/viper/Downloads/AirlineBookig/src/main/java/com/AirlineBooking/AirlineBookig/dto/request/PaymentRequest.java
/home/viper/Downloads/AirlineBookig/src/main/java/com/AirlineBooking/AirlineBookig/dto/request/RegisterRequest.java
/home/viper/Downloads/AirlineBookig/src/main/java/com/AirlineBooking/AirlineBookig/dto/response/AuthResponse.java
